capture
this
capture
this
capture
this
capture
this
